2026-08-03 11:07:15,993 - INFO - Загружено 15 AI-оценок из файла eval_self_20260728_194651.xlsx
2026-08-03 11:07:16,055 - WARNING - Для сотрудника 'Губенко Даниил' найдено несколько файлов типа 'self'. Используется: самооценка (2).xlsx
2026-08-03 11:07:16,062 - ERROR - Для сотрудника 'Данюк Анастасия Сергеевна' отсутствуют файлы типов: self, manager. Пропускаем.
2026-08-03 11:07:16,068 - ERROR - Для сотрудника 'Шабакин Евгений Александрович' отсутствуют файлы типов: self, colleagues. Пропускаем.
2026-08-03 11:07:16,068 - INFO - Найдено 1 сотрудников:
2026-08-03 11:07:16,069 - INFO -    - Губенко Даниил
2026-08-03 11:07:16,069 - INFO - Обработка сотрудника: Губенко Даниил
2026-08-03 11:07:16,089 - INFO - Обработан сотрудник Губенко Даниил (ID: 6a6afd7d972e8d808fb159de)
2026-08-03 11:07:16,093 - INFO - JSON сохранён: C:\Users\shabakin.evgeniy\Desktop\Tools\individual_report\output\Губенко Даниил\report_data.json
2026-08-03 11:07:16,135 - INFO - HTML сохранён: C:\Users\shabakin.evgeniy\Desktop\Tools\individual_report\output\Губенко Даниил\report.html
2026-08-03 11:07:16,135 - INFO - Для Губенко Даниил: Soft=22, Hard=2, Кейсов=9
2026-08-03 11:07:16,135 - INFO - 
🎉 Обработка завершена. Успешно: 1 из 1.
2026-08-03 11:12:45,090 - INFO - Загружено 15 AI-оценок из файла eval_self_20260728_194651.xlsx
2026-08-03 11:12:45,144 - WARNING - Для сотрудника 'Губенко Даниил' найдено несколько файлов типа 'self'. Используется: самооценка (2).xlsx
2026-08-03 11:12:45,149 - ERROR - Для сотрудника 'Данюк Анастасия Сергеевна' отсутствуют файлы типов: self, manager. Пропускаем.
2026-08-03 11:12:45,155 - ERROR - Для сотрудника 'Шабакин Евгений Александрович' отсутствуют файлы типов: self, colleagues. Пропускаем.
2026-08-03 11:12:45,155 - INFO - Найдено 1 сотрудников:
2026-08-03 11:12:45,156 - INFO -    - Губенко Даниил
2026-08-03 11:12:45,156 - INFO - Обработка сотрудника: Губенко Даниил
2026-08-03 11:12:45,175 - INFO - Обработан сотрудник Губенко Даниил (ID: 6a6afd7d972e8d808fb159de)
2026-08-03 11:12:45,179 - INFO - JSON сохранён: C:\Users\shabakin.evgeniy\Desktop\Tools\individual_report\output\Губенко Даниил\report_data.json
2026-08-03 11:12:45,232 - INFO - HTML сохранён: C:\Users\shabakin.evgeniy\Desktop\Tools\individual_report\output\Губенко Даниил\report.html
2026-08-03 11:12:45,233 - INFO - Для Губенко Даниил: Soft=22, Hard=2, Кейсов=5
2026-08-03 11:12:45,233 - INFO - 
🎉 Обработка завершена. Успешно: 1 из 1.
2026-08-07 09:55:31,444 - INFO - Загружено 15 AI-оценок из файла eval_self_20260728_194651.xlsx
2026-08-07 09:55:31,718 - WARNING - Для сотрудника 'Губенко Даниил' найдено несколько файлов типа 'self'. Используется: самооценка (2).xlsx
2026-08-07 09:55:31,743 - ERROR - Для сотрудника 'Данюк Анастасия Сергеевна' отсутствуют файлы типов: self, manager. Пропускаем.
2026-08-07 09:55:31,781 - ERROR - Для сотрудника 'Шабакин Евгений Александрович' отсутствуют файлы типов: self, colleagues. Пропускаем.
2026-08-07 09:55:31,781 - INFO - Найдено 1 сотрудников:
2026-08-07 09:55:31,781 - INFO -    - Губенко Даниил
2026-08-07 09:55:31,781 - INFO - Обработка сотрудника: Губенко Даниил
2026-08-07 09:55:31,881 - INFO - Обработан сотрудник Губенко Даниил (ID: 6a6afd7d972e8d808fb159de)
2026-08-07 09:55:31,882 - INFO - JSON сохранён: /workspace/individual_report/output/Губенко Даниил/report_data.json
2026-08-07 09:55:32,042 - INFO - HTML сохранён: /workspace/individual_report/output/Губенко Даниил/report.html
2026-08-07 09:55:32,042 - INFO - Для Губенко Даниил: Soft=22, Hard=2, Кейсов=5
2026-08-07 09:55:32,043 - INFO - 
🎉 Обработка завершена. Успешно: 1 из 1.
2026-08-07 09:55:39,999 - INFO - Загружено 15 AI-оценок из файла eval_self_20260728_194651.xlsx
2026-08-07 09:55:40,240 - WARNING - Для сотрудника 'Губенко Даниил' найдено несколько файлов типа 'self'. Используется: самооценка (2).xlsx
2026-08-07 09:55:40,261 - ERROR - Для сотрудника 'Данюк Анастасия Сергеевна' отсутствуют файлы типов: self, manager. Пропускаем.
2026-08-07 09:55:40,281 - ERROR - Для сотрудника 'Шабакин Евгений Александрович' отсутствуют файлы типов: self, colleagues. Пропускаем.
2026-08-07 09:55:40,282 - INFO - Найдено 1 сотрудников:
2026-08-07 09:55:40,282 - INFO -    - Губенко Даниил
2026-08-07 09:55:40,282 - INFO - Обработка сотрудника: Губенко Даниил
2026-08-07 09:55:40,361 - INFO - Обработан сотрудник Губенко Даниил (ID: 6a6afd7d972e8d808fb159de)
2026-08-07 09:55:40,362 - INFO - JSON сохранён: /workspace/individual_report/output/Губенко Даниил/report_data.json
2026-08-07 09:55:40,519 - INFO - HTML сохранён: /workspace/individual_report/output/Губенко Даниил/report.html
2026-08-07 09:55:40,519 - INFO - Для Губенко Даниил: Soft=22, Hard=2, Кейсов=5
2026-08-07 09:55:40,519 - INFO - 
🎉 Обработка завершена. Успешно: 1 из 1.
2026-08-07 09:55:52,041 - INFO - Загружено 15 AI-оценок из файла eval_self_20260728_194651.xlsx
2026-08-07 09:55:52,264 - WARNING - Для сотрудника 'Губенко Даниил' найдено несколько файлов типа 'self'. Используется: самооценка (2).xlsx
2026-08-07 09:55:52,285 - ERROR - Для сотрудника 'Данюк Анастасия Сергеевна' отсутствуют файлы типов: self, manager. Пропускаем.
2026-08-07 09:55:52,305 - ERROR - Для сотрудника 'Шабакин Евгений Александрович' отсутствуют файлы типов: self, colleagues. Пропускаем.
2026-08-07 09:55:52,305 - INFO - Найдено 1 сотрудников:
2026-08-07 09:55:52,305 - INFO -    - Губенко Даниил
2026-08-07 09:55:52,305 - INFO - Обработка сотрудника: Губенко Даниил
2026-08-07 09:55:52,385 - INFO - Обработан сотрудник Губенко Даниил (ID: 6a6afd7d972e8d808fb159de)
2026-08-07 09:55:52,386 - INFO - JSON сохранён: /workspace/individual_report/output/Губенко Даниил/report_data.json
2026-08-07 09:55:52,546 - INFO - HTML сохранён: /workspace/individual_report/output/Губенко Даниил/report.html
2026-08-07 09:55:52,546 - INFO - Для Губенко Даниил: Soft=22, Hard=2, Кейсов=5
2026-08-07 09:55:52,546 - INFO - 
🎉 Обработка завершена. Успешно: 1 из 1.
2026-08-07 09:56:01,221 - INFO - Загружено 15 AI-оценок из файла eval_self_20260728_194651.xlsx
2026-08-07 09:56:01,444 - WARNING - Для сотрудника 'Губенко Даниил' найдено несколько файлов типа 'self'. Используется: самооценка (2).xlsx
2026-08-07 09:56:01,464 - ERROR - Для сотрудника 'Данюк Анастасия Сергеевна' отсутствуют файлы типов: self, manager. Пропускаем.
2026-08-07 09:56:01,485 - ERROR - Для сотрудника 'Шабакин Евгений Александрович' отсутствуют файлы типов: self, colleagues. Пропускаем.
2026-08-07 09:56:01,485 - INFO - Найдено 1 сотрудников:
2026-08-07 09:56:01,485 - INFO -    - Губенко Даниил
2026-08-07 09:56:01,485 - INFO - Обработка сотрудника: Губенко Даниил
2026-08-07 09:56:01,567 - INFO - Обработан сотрудник Губенко Даниил (ID: 6a6afd7d972e8d808fb159de)
2026-08-07 09:56:01,568 - INFO - JSON сохранён: /workspace/individual_report/output/Губенко Даниил/report_data.json
2026-08-07 09:56:01,738 - INFO - HTML сохранён: /workspace/individual_report/output/Губенко Даниил/report.html
2026-08-07 09:56:01,738 - INFO - Для Губенко Даниил: Soft=22, Hard=2, Кейсов=5
2026-08-07 09:56:01,738 - INFO - 
🎉 Обработка завершена. Успешно: 1 из 1.
2026-08-07 09:56:08,523 - INFO - Загружено 15 AI-оценок из файла eval_self_20260728_194651.xlsx
2026-08-07 09:56:08,760 - WARNING - Для сотрудника 'Губенко Даниил' найдено несколько файлов типа 'self'. Используется: самооценка (2).xlsx
2026-08-07 09:56:08,780 - ERROR - Для сотрудника 'Данюк Анастасия Сергеевна' отсутствуют файлы типов: self, manager. Пропускаем.
2026-08-07 09:56:08,801 - ERROR - Для сотрудника 'Шабакин Евгений Александрович' отсутствуют файлы типов: self, colleagues. Пропускаем.
2026-08-07 09:56:08,801 - INFO - Найдено 1 сотрудников:
2026-08-07 09:56:08,801 - INFO -    - Губенко Даниил
2026-08-07 09:56:08,801 - INFO - Обработка сотрудника: Губенко Даниил
2026-08-07 09:56:08,866 - INFO - Обработан сотрудник Губенко Даниил (ID: 6a6afd7d972e8d808fb159de)
2026-08-07 09:56:08,867 - INFO - JSON сохранён: /workspace/individual_report/output/Губенко Даниил/report_data.json
2026-08-07 09:56:09,024 - INFO - HTML сохранён: /workspace/individual_report/output/Губенко Даниил/report.html
2026-08-07 09:56:09,024 - INFO - Для Губенко Даниил: Soft=22, Hard=2, Кейсов=5
2026-08-07 09:56:09,024 - INFO - 
🎉 Обработка завершена. Успешно: 1 из 1.
2026-08-07 10:03:13,321 - INFO - Загружено 15 AI-оценок из файла eval_self_20260728_194651.xlsx
2026-08-07 10:03:13,545 - WARNING - Для сотрудника 'Губенко Даниил' найдено несколько файлов типа 'self'. Используется: самооценка (2).xlsx
2026-08-07 10:03:13,565 - ERROR - Для сотрудника 'Данюк Анастасия Сергеевна' отсутствуют файлы типов: self, manager. Пропускаем.
2026-08-07 10:03:13,588 - ERROR - Для сотрудника 'Шабакин Евгений Александрович' отсутствуют файлы типов: self, colleagues. Пропускаем.
2026-08-07 10:03:13,588 - INFO - Найдено 1 сотрудников:
2026-08-07 10:03:13,588 - INFO -    - Губенко Даниил
2026-08-07 10:03:13,588 - INFO - Обработка сотрудника: Губенко Даниил
2026-08-07 10:03:13,698 - INFO - Обработан сотрудник Губенко Даниил (ID: 6a6afd7d972e8d808fb159de)
2026-08-07 10:03:13,699 - INFO - JSON сохранён: /workspace/individual_report/output/Губенко Даниил/report_data.json
2026-08-07 10:03:13,846 - INFO - HTML сохранён: /workspace/individual_report/output/Губенко Даниил/report.html
2026-08-07 10:03:13,846 - INFO - Для Губенко Даниил: Soft=22, Hard=2, Кейсов=5
2026-08-07 10:03:13,846 - INFO - 
🎉 Обработка завершена. Успешно: 1 из 1.
2026-08-07 10:03:23,659 - INFO - Загружено 15 AI-оценок из файла eval_self_20260728_194651.xlsx
2026-08-07 10:03:23,866 - WARNING - Для сотрудника 'Губенко Даниил' найдено несколько файлов типа 'self'. Используется: самооценка (2).xlsx
2026-08-07 10:03:23,887 - ERROR - Для сотрудника 'Данюк Анастасия Сергеевна' отсутствуют файлы типов: self, manager. Пропускаем.
2026-08-07 10:03:23,919 - ERROR - Для сотрудника 'Шабакин Евгений Александрович' отсутствуют файлы типов: self, colleagues. Пропускаем.
2026-08-07 10:03:23,919 - INFO - Найдено 1 сотрудников:
2026-08-07 10:03:23,919 - INFO -    - Губенко Даниил
2026-08-07 10:03:23,919 - INFO - Обработка сотрудника: Губенко Даниил
2026-08-07 10:03:23,984 - INFO - Обработан сотрудник Губенко Даниил (ID: 6a6afd7d972e8d808fb159de)
2026-08-07 10:03:23,984 - INFO - JSON сохранён: /workspace/individual_report/output/Губенко Даниил/report_data.json
2026-08-07 10:03:24,126 - INFO - HTML сохранён: /workspace/individual_report/output/Губенко Даниил/report.html
2026-08-07 10:03:24,126 - INFO - Для Губенко Даниил: Soft=22, Hard=2, Кейсов=5
2026-08-07 10:03:24,127 - INFO - 
🎉 Обработка завершена. Успешно: 1 из 1.
2026-08-07 12:00:42,934 - INFO - Загружено 15 AI-оценок из файла eval_self_20260728_194651.xlsx
2026-08-07 12:00:43,194 - WARNING - Для сотрудника 'Губенко Даниил' найдено несколько файлов типа 'self'. Используется: самооценка (1).xlsx
2026-08-07 12:00:43,216 - ERROR - Для сотрудника 'Шабакин Евгений Александрович' отсутствуют файлы типов: self, colleagues. Пропускаем.
2026-08-07 12:00:43,239 - ERROR - Для сотрудника 'Данюк Анастасия Сергеевна' отсутствуют файлы типов: self, manager. Пропускаем.
2026-08-07 12:00:43,240 - INFO - Найдено 1 сотрудников:
2026-08-07 12:00:43,240 - INFO -    - Губенко Даниил
2026-08-07 12:00:43,240 - INFO - Обработка сотрудника: Губенко Даниил
2026-08-07 12:00:43,334 - INFO - Обработан сотрудник Губенко Даниил (ID: 6a6a0ce2972e8d808fb15929)
2026-08-07 12:00:43,335 - INFO - JSON сохранён: /workspace/individual_report/output/Губенко Даниил/report_data.json
2026-08-07 12:00:43,516 - INFO - HTML сохранён: /workspace/individual_report/output/Губенко Даниил/report.html
2026-08-07 12:00:43,516 - INFO - Для Губенко Даниил: Soft=22, Hard=2, Кейсов=5
2026-08-07 12:00:43,516 - INFO - 
🎉 Обработка завершена. Успешно: 1 из 1.
2026-08-07 12:14:25,054 - INFO - Загружено 15 AI-оценок из файла eval_self_20260728_194651.xlsx
2026-08-07 12:14:25,274 - WARNING - Для сотрудника 'Губенко Даниил' найдено несколько файлов типа 'self'. Используется: самооценка (1).xlsx
2026-08-07 12:14:25,297 - ERROR - Для сотрудника 'Шабакин Евгений Александрович' отсутствуют файлы типов: self, colleagues. Пропускаем.
2026-08-07 12:14:25,318 - ERROR - Для сотрудника 'Данюк Анастасия Сергеевна' отсутствуют файлы типов: self, manager. Пропускаем.
2026-08-07 12:14:25,318 - INFO - Найдено 1 сотрудников:
2026-08-07 12:14:25,319 - INFO -    - Губенко Даниил
2026-08-07 12:14:25,319 - INFO - Обработка сотрудника: Губенко Даниил
2026-08-07 12:14:25,397 - INFO - Обработан сотрудник Губенко Даниил (ID: 6a6a0ce2972e8d808fb15929)
2026-08-07 12:14:25,398 - INFO - JSON сохранён: /workspace/individual_report/output/Губенко Даниил/report_data.json
2026-08-07 12:14:25,541 - INFO - HTML сохранён: /workspace/individual_report/output/Губенко Даниил/report.html
2026-08-07 12:14:25,541 - INFO - Для Губенко Даниил: Soft=22, Hard=2, Кейсов=5
2026-08-07 12:14:25,541 - INFO - 
🎉 Обработка завершена. Успешно: 1 из 1.
2026-08-07 12:24:35,674 - INFO - Загружено 15 AI-оценок из файла eval_self_20260728_194651.xlsx
2026-08-07 12:24:35,941 - WARNING - Для сотрудника 'Губенко Даниил' найдено несколько файлов типа 'self'. Используется: самооценка (1).xlsx
2026-08-07 12:24:35,976 - ERROR - Для сотрудника 'Шабакин Евгений Александрович' отсутствуют файлы типов: self, colleagues. Пропускаем.
2026-08-07 12:24:35,998 - ERROR - Для сотрудника 'Данюк Анастасия Сергеевна' отсутствуют файлы типов: self, manager. Пропускаем.
2026-08-07 12:24:35,998 - INFO - Найдено 1 сотрудников:
2026-08-07 12:24:35,998 - INFO -    - Губенко Даниил
2026-08-07 12:24:35,998 - INFO - Обработка сотрудника: Губенко Даниил
2026-08-07 12:24:36,099 - INFO - Обработан сотрудник Губенко Даниил (ID: 6a6a0ce2972e8d808fb15929)
2026-08-07 12:24:36,100 - INFO - JSON сохранён: /workspace/individual_report/output/Губенко Даниил/report_data.json
2026-08-07 12:24:36,278 - INFO - HTML сохранён: /workspace/individual_report/output/Губенко Даниил/report.html
2026-08-07 12:24:36,278 - INFO - Для Губенко Даниил: Soft=22, Hard=2, Кейсов=5
2026-08-07 12:24:36,278 - INFO - 
🎉 Обработка завершена. Успешно: 1 из 1.
2026-08-07 13:00:23,253 - INFO - Загружено 15 AI-оценок из файла eval_self_20260728_194651.xlsx
2026-08-07 13:00:23,516 - WARNING - Для сотрудника 'Губенко Даниил' найдено несколько файлов типа 'self'. Используется: самооценка (1).xlsx
2026-08-07 13:00:23,517 - ERROR - Для сотрудника 'Губенко Даниил' отсутствуют файлы типов: subordinates. Пропускаем.
2026-08-07 13:00:23,538 - ERROR - Для сотрудника 'Шабакин Евгений Александрович' отсутствуют файлы типов: self, colleagues, subordinates. Пропускаем.
2026-08-07 13:00:23,575 - ERROR - Для сотрудника 'Данюк Анастасия Сергеевна' отсутствуют файлы типов: self, manager, subordinates. Пропускаем.
2026-08-07 13:00:23,575 - WARNING - Не найдено ни одной полной группы файлов для сотрудников.
2026-08-07 13:01:45,461 - INFO - Загружено 15 AI-оценок из файла eval_self_20260728_194651.xlsx
2026-08-07 13:01:45,696 - WARNING - Для сотрудника 'Губенко Даниил' найдено несколько файлов типа 'self'. Используется: самооценка (1).xlsx
2026-08-07 13:01:45,696 - ERROR - Для сотрудника 'Губенко Даниил' отсутствуют файлы типов: subordinates. Пропускаем.
2026-08-07 13:01:45,719 - ERROR - Для сотрудника 'Шабакин Евгений Александрович' отсутствуют файлы типов: self, colleagues, subordinates. Пропускаем.
2026-08-07 13:01:45,739 - ERROR - Для сотрудника 'Данюк Анастасия Сергеевна' отсутствуют файлы типов: self, manager, subordinates. Пропускаем.
2026-08-07 13:01:45,740 - WARNING - Не найдено ни одной полной группы файлов для сотрудников.
2026-08-07 13:02:47,695 - INFO - Загружено 15 AI-оценок из файла eval_self_20260728_194651.xlsx
2026-08-07 13:02:47,935 - WARNING - Для сотрудника 'Губенко Даниил' найдено несколько файлов типа 'self'. Используется: самооценка (1).xlsx
2026-08-07 13:02:47,935 - ERROR - Для сотрудника 'Губенко Даниил' отсутствуют файлы типов: subordinates. Пропускаем.
2026-08-07 13:02:47,957 - ERROR - Для сотрудника 'Шабакин Евгений Александрович' отсутствуют файлы типов: self, colleagues, subordinates. Пропускаем.
2026-08-07 13:02:47,978 - ERROR - Для сотрудника 'Данюк Анастасия Сергеевна' отсутствуют файлы типов: self, manager, subordinates. Пропускаем.
2026-08-07 13:02:47,979 - WARNING - Не найдено ни одной полной группы файлов для сотрудников.
2026-08-07 13:03:20,900 - INFO - Загружено 15 AI-оценок из файла eval_self_20260728_194651.xlsx
2026-08-07 13:03:21,215 - WARNING - Для сотрудника 'Губенко Даниил' найдено несколько файлов типа 'self'. Используется: самооценка (1).xlsx
2026-08-07 13:03:21,215 - ERROR - Для сотрудника 'Губенко Даниил' отсутствуют файлы типов: subordinates. Пропускаем.
2026-08-07 13:03:21,241 - ERROR - Для сотрудника 'Шабакин Евгений Александрович' отсутствуют файлы типов: self, colleagues, subordinates. Пропускаем.
2026-08-07 13:03:21,272 - ERROR - Для сотрудника 'Данюк Анастасия Сергеевна' отсутствуют файлы типов: self, manager, subordinates. Пропускаем.
2026-08-07 13:03:21,273 - WARNING - Не найдено ни одной полной группы файлов для сотрудников.
2026-08-07 13:06:20,057 - INFO - Загружено 15 AI-оценок из файла eval_self_20260728_194651.xlsx
2026-08-07 13:06:20,332 - WARNING - Для сотрудника 'Губенко Даниил' найдено несколько файлов типа 'self'. Используется: самооценка (1).xlsx
2026-08-07 13:06:20,332 - ERROR - Для сотрудника 'Губенко Даниил' отсутствуют файлы типов: subordinates. Пропускаем.
2026-08-07 13:06:20,355 - ERROR - Для сотрудника 'Шабакин Евгений Александрович' отсутствуют файлы типов: self, colleagues, subordinates. Пропускаем.
2026-08-07 13:06:20,377 - ERROR - Для сотрудника 'Данюк Анастасия Сергеевна' отсутствуют файлы типов: self, manager, subordinates. Пропускаем.
2026-08-07 13:06:20,377 - WARNING - Не найдено ни одной полной группы файлов для сотрудников.
2026-08-12 09:50:35,756 - INFO - Загружено 15 AI-оценок из файла eval_self_20260728_194651.xlsx
2026-08-12 09:50:35,919 - ERROR - Для сотрудника 'Шабакин Евгений Александрович' отсутствуют файлы типов: self, colleagues, subordinates. Пропускаем.
2026-08-12 09:50:36,021 - WARNING - Для сотрудника 'Губенко Даниил' найдено несколько файлов типа 'self'. Используется: самооценка (2).xlsx
2026-08-12 09:50:36,021 - ERROR - Для сотрудника 'Губенко Даниил' отсутствуют файлы типов: subordinates. Пропускаем.
2026-08-12 09:50:36,042 - ERROR - Для сотрудника 'Данюк Анастасия Сергеевна' отсутствуют файлы типов: self, manager, subordinates. Пропускаем.
2026-08-12 09:50:36,042 - WARNING - Не найдено ни одной полной группы файлов для сотрудников.
2026-08-12 10:10:44,325 - INFO - Конфигурация успешно прошла валидацию
2026-08-12 10:10:44,386 - INFO - Загружено 15 AI-оценок из файла eval_self_20260728_194651.xlsx
2026-08-12 10:10:44,540 - ERROR - Для сотрудника 'Данюк Анастасия Сергеевна' отсутствуют обязательные файлы типов: self, manager. Пропускаем.
2026-08-12 10:10:44,566 - ERROR - Для сотрудника 'Шабакин Евгений Александрович' отсутствуют обязательные файлы типов: self, colleagues. Пропускаем.
2026-08-12 10:10:44,666 - WARNING - Для сотрудника 'Губенко Даниил' найдено несколько файлов типа 'self'. Используется: самооценка (1).xlsx
2026-08-12 10:10:44,666 - INFO - Найдено 1 сотрудников:
2026-08-12 10:10:44,666 - INFO -    - Губенко Даниил
2026-08-12 10:10:44,666 - INFO - Обработка сотрудника: Губенко Даниил
2026-08-12 10:10:44,785 - INFO - Обработан сотрудник Губенко Даниил (ID: 6a6a0ce2972e8d808fb15929)
2026-08-12 10:10:44,787 - INFO - JSON сохранён: /workspace/individual_report/output/Губенко Даниил/report_data.json
2026-08-12 10:10:44,988 - INFO - HTML сохранён: /workspace/individual_report/output/Губенко Даниил/report.html
2026-08-12 10:10:44,988 - INFO - Для Губенко Даниил: Soft=22, Hard=2, Кейсов=5
2026-08-12 10:10:44,988 - INFO - 
🎉 Обработка завершена. Успешно: 1 из 1.
2026-08-12 10:18:32,302 - INFO - Конфигурация успешно прошла валидацию
2026-08-12 10:18:32,365 - INFO - Загружено 15 AI-оценок из файла eval_self_20260728_194651.xlsx
2026-08-12 10:18:32,543 - ERROR - Для сотрудника 'Данюк Анастасия Сергеевна' отсутствуют обязательные файлы типов: self, manager. Пропускаем.
2026-08-12 10:18:32,567 - ERROR - Для сотрудника 'Шабакин Евгений Александрович' отсутствуют обязательные файлы типов: self, colleagues. Пропускаем.
2026-08-12 10:18:32,680 - WARNING - Для сотрудника 'Губенко Даниил' найдено несколько файлов типа 'self'. Используется: самооценка (1).xlsx
2026-08-12 10:18:32,680 - INFO - Найдено 1 сотрудников:
2026-08-12 10:18:32,680 - INFO -    - Губенко Даниил
2026-08-12 10:18:32,680 - INFO - Обработка сотрудника: Губенко Даниил
2026-08-12 10:18:32,765 - INFO - Обработан сотрудник Губенко Даниил (ID: 6a6a0ce2972e8d808fb15929)
2026-08-12 10:18:32,766 - INFO - JSON сохранён: /workspace/individual_report/output/Губенко Даниил/report_data.json
2026-08-12 10:18:32,999 - INFO - HTML сохранён: /workspace/individual_report/output/Губенко Даниил/report.html
2026-08-12 10:18:33,000 - INFO - Для Губенко Даниил: Soft=22, Hard=2, Кейсов=5
2026-08-12 10:18:33,000 - INFO - 
🎉 Обработка завершена. Успешно: 1 из 1.
2026-08-12 10:19:26,967 - INFO - Конфигурация успешно прошла валидацию
2026-08-12 10:19:27,022 - INFO - Загружено 15 AI-оценок из файла eval_self_20260728_194651.xlsx
2026-08-12 10:19:27,165 - ERROR - Для сотрудника 'Данюк Анастасия Сергеевна' отсутствуют обязательные файлы типов: self, manager. Пропускаем.
2026-08-12 10:19:27,200 - ERROR - Для сотрудника 'Шабакин Евгений Александрович' отсутствуют обязательные файлы типов: self, colleagues. Пропускаем.
2026-08-12 10:19:27,285 - WARNING - Для сотрудника 'Губенко Даниил' найдено несколько файлов типа 'self'. Используется: самооценка (1).xlsx
2026-08-12 10:19:27,285 - INFO - Найдено 1 сотрудников:
2026-08-12 10:19:27,285 - INFO -    - Губенко Даниил
2026-08-12 10:19:27,285 - INFO - Обработка сотрудника: Губенко Даниил
2026-08-12 10:19:27,365 - INFO - Обработан сотрудник Губенко Даниил (ID: 6a6a0ce2972e8d808fb15929)
2026-08-12 10:19:27,366 - INFO - JSON сохранён: /workspace/individual_report/output/Губенко Даниил/report_data.json
2026-08-12 10:19:27,528 - INFO - HTML сохранён: /workspace/individual_report/output/Губенко Даниил/report.html
2026-08-12 10:19:27,528 - INFO - Для Губенко Даниил: Soft=22, Hard=2, Кейсов=5
2026-08-12 10:19:27,528 - INFO - 
🎉 Обработка завершена. Успешно: 1 из 1.
2026-08-12 10:39:04,725 - INFO - Конфигурация успешно прошла валидацию
2026-08-12 10:39:04,768 - INFO - Загружено 15 AI-оценок из файла eval_self_20260728_194651.xlsx
2026-08-12 10:39:04,927 - ERROR - Для сотрудника 'Данюк Анастасия Сергеевна' отсутствуют обязательные файлы типов: self, manager. Пропускаем.
2026-08-12 10:39:04,959 - ERROR - Для сотрудника 'Шабакин Евгений Александрович' отсутствуют обязательные файлы типов: self, colleagues. Пропускаем.
2026-08-12 10:39:05,045 - WARNING - Для сотрудника 'Губенко Даниил' найдено несколько файлов типа 'self'. Используется: самооценка (1).xlsx
2026-08-12 10:39:05,045 - INFO - Найдено 1 сотрудников:
2026-08-12 10:39:05,045 - INFO -    - Губенко Даниил
2026-08-12 10:39:05,045 - INFO - Обработка сотрудника: Губенко Даниил
2026-08-12 10:39:05,125 - INFO - Обработан сотрудник Губенко Даниил (ID: 6a6a0ce2972e8d808fb15929)
2026-08-12 10:39:05,126 - INFO - JSON сохранён: /workspace/individual_report/output/Губенко Даниил/report_data.json
2026-08-12 10:39:05,306 - INFO - HTML сохранён: /workspace/individual_report/output/Губенко Даниил/report.html
2026-08-12 10:39:05,306 - INFO - Для Губенко Даниил: Soft=22, Hard=2, Кейсов=5
2026-08-12 10:39:05,306 - INFO - 
🎉 Обработка завершена. Успешно: 1 из 1.
2026-08-12 10:57:57,572 - INFO - Конфигурация успешно прошла валидацию
2026-08-12 10:57:57,651 - INFO - Загружено 15 AI-оценок из файла eval_self_20260728_194651.xlsx
2026-08-12 10:57:57,953 - WARNING - Для сотрудника 'Губенко Даниил' найдено несколько файлов типа 'self'. Используется: самооценка (1).xlsx
2026-08-12 10:57:57,991 - ERROR - Для сотрудника 'Шабакин Евгений Александрович' отсутствуют обязательные файлы типов: self, colleagues. Пропускаем.
2026-08-12 10:57:58,016 - ERROR - Для сотрудника 'Данюк Анастасия Сергеевна' отсутствуют обязательные файлы типов: self, manager. Пропускаем.
2026-08-12 10:57:58,017 - INFO - Найдено 1 сотрудников:
2026-08-12 10:57:58,017 - INFO -    - Губенко Даниил
2026-08-12 10:57:58,017 - INFO - Обработка сотрудника: Губенко Даниил
2026-08-12 10:57:58,116 - INFO - Обработан сотрудник Губенко Даниил (ID: 6a6a0ce2972e8d808fb15929)
2026-08-12 10:57:58,129 - INFO - JSON сохранён: /workspace/individual_report/output/Губенко Даниил/report_data.json
2026-08-12 10:57:58,333 - INFO - HTML сохранён: /workspace/individual_report/output/Губенко Даниил/report.html
2026-08-12 10:57:58,333 - INFO - Для Губенко Даниил: Soft=22, Hard=2, Кейсов=5
2026-08-12 10:57:58,333 - INFO - 
🎉 Обработка завершена. Успешно: 1 из 1.
2026-08-24 11:44:24,145 - WARNING - В конфиге отсутствуют поведенческие паттерны для блока 'Взаимодействие и коммуникация'
2026-08-24 11:44:24,145 - INFO - Конфигурация успешно прошла валидацию
2026-08-24 11:44:24,176 - INFO - Загружено 15 AI-оценок из файла eval_self_20260728_194651.xlsx
2026-08-24 11:44:24,260 - ERROR - Для сотрудника 'Шабакин Евгений Александрович' отсутствуют обязательные файлы типов: self, colleagues. Пропускаем.
2026-08-24 11:44:24,299 - WARNING - Для сотрудника 'Губенко Даниил' найдено несколько файлов типа 'self'. Используется: самооценка (1).xlsx
2026-08-24 11:44:24,322 - ERROR - Для сотрудника 'Данюк Анастасия Сергеевна' отсутствуют обязательные файлы типов: self, manager. Пропускаем.
2026-08-24 11:44:24,322 - INFO - Найдено 1 сотрудников:
2026-08-24 11:44:24,323 - INFO -    - Губенко Даниил
2026-08-24 11:44:24,323 - INFO - Обработка сотрудника: Губенко Даниил
2026-08-24 11:44:24,364 - WARNING - Поведенческие паттерны для блока 'Взаимодействие и коммуникация' не найдены в конфиге
2026-08-24 11:44:24,364 - INFO - Обработан сотрудник Губенко Даниил (ID: 6a6a0ce2972e8d808fb15929)
2026-08-24 11:44:24,365 - INFO - JSON сохранён: /workspace/individual_report/output/Губенко Даниил/report_data.json
2026-08-24 11:44:24,461 - INFO - HTML сохранён: /workspace/individual_report/output/Губенко Даниил/report.html
2026-08-24 11:44:24,461 - INFO - Для Губенко Даниил: Soft=22, Hard=2, Кейсов=5
2026-08-24 11:44:24,461 - INFO - 
🎉 Обработка завершена. Успешно: 1 из 1.
2026-08-24 11:48:00,978 - WARNING - В конфиге отсутствуют поведенческие паттерны для блока 'Взаимодействие и коммуникация'
2026-08-24 11:48:00,978 - INFO - Конфигурация успешно прошла валидацию
2026-08-24 11:48:01,002 - INFO - Загружено 15 AI-оценок из файла eval_self_20260728_194651.xlsx
2026-08-24 11:48:01,082 - ERROR - Для сотрудника 'Шабакин Евгений Александрович' отсутствуют обязательные файлы типов: self, colleagues. Пропускаем.
2026-08-24 11:48:01,120 - WARNING - Для сотрудника 'Губенко Даниил' найдено несколько файлов типа 'self'. Используется: самооценка (1).xlsx
2026-08-24 11:48:01,143 - ERROR - Для сотрудника 'Данюк Анастасия Сергеевна' отсутствуют обязательные файлы типов: self, manager. Пропускаем.
2026-08-24 11:48:01,143 - INFO - Найдено 1 сотрудников:
2026-08-24 11:48:01,143 - INFO -    - Губенко Даниил
2026-08-24 11:48:01,143 - INFO - Обработка сотрудника: Губенко Даниил
2026-08-24 11:48:01,185 - WARNING - Поведенческие паттерны для блока 'Взаимодействие и коммуникация' не найдены в конфиге
2026-08-24 11:48:01,185 - INFO - Обработан сотрудник Губенко Даниил (ID: 6a6a0ce2972e8d808fb15929)
2026-08-24 11:48:01,186 - INFO - JSON сохранён: /workspace/individual_report/output/Губенко Даниил/report_data.json
2026-08-24 11:48:01,279 - INFO - HTML сохранён: /workspace/individual_report/output/Губенко Даниил/report.html
2026-08-24 11:48:01,279 - INFO - Для Губенко Даниил: Soft=22, Hard=2, Кейсов=5
2026-08-24 11:48:01,279 - INFO - 
🎉 Обработка завершена. Успешно: 1 из 1.
2026-08-24 11:56:59,425 - WARNING - В конфиге отсутствуют поведенческие паттерны для блока 'Взаимодействие и коммуникация'
2026-08-24 11:56:59,425 - INFO - Конфигурация успешно прошла валидацию
2026-08-24 11:56:59,447 - INFO - Загружено 15 AI-оценок из файла eval_self_20260728_194651.xlsx
2026-08-24 11:56:59,526 - ERROR - Для сотрудника 'Шабакин Евгений Александрович' отсутствуют обязательные файлы типов: self, colleagues. Пропускаем.
2026-08-24 11:56:59,559 - WARNING - Для сотрудника 'Губенко Даниил' найдено несколько файлов типа 'self'. Используется: самооценка (1).xlsx
2026-08-24 11:56:59,578 - ERROR - Для сотрудника 'Данюк Анастасия Сергеевна' отсутствуют обязательные файлы типов: self, manager. Пропускаем.
2026-08-24 11:56:59,578 - INFO - Найдено 1 сотрудников:
2026-08-24 11:56:59,578 - INFO -    - Губенко Даниил
2026-08-24 11:56:59,578 - INFO - Обработка сотрудника: Губенко Даниил
2026-08-24 11:56:59,626 - WARNING - Поведенческие паттерны для блока 'Взаимодействие и коммуникация' не найдены в конфиге
2026-08-24 11:56:59,626 - INFO - Обработан сотрудник Губенко Даниил (ID: 6a6a0ce2972e8d808fb15929)
2026-08-24 11:56:59,627 - INFO - JSON сохранён: /workspace/individual_report/output/Губенко Даниил/report_data.json
2026-08-24 11:56:59,706 - INFO - HTML сохранён: /workspace/individual_report/output/Губенко Даниил/report.html
2026-08-24 11:56:59,706 - INFO - Для Губенко Даниил: Soft=22, Hard=2, Кейсов=5
2026-08-24 11:56:59,706 - INFO - 
🎉 Обработка завершена. Успешно: 1 из 1.
2026-08-24 12:36:33,015 - WARNING - В конфиге отсутствуют поведенческие паттерны для блока 'Взаимодействие и коммуникация'
2026-08-24 12:36:33,015 - INFO - Конфигурация успешно прошла валидацию
2026-08-24 12:36:33,044 - INFO - Загружено 15 AI-оценок из файла eval_self_20260728_194651.xlsx
2026-08-24 12:36:33,120 - ERROR - Для сотрудника 'Данюк Анастасия Сергеевна' отсутствуют обязательные файлы типов: self, manager. Пропускаем.
2026-08-24 12:36:33,164 - WARNING - Для сотрудника 'Губенко Даниил' найдено несколько файлов типа 'self'. Используется: самооценка (2).xlsx
2026-08-24 12:36:33,174 - ERROR - Для сотрудника 'Шабакин Евгений Александрович' отсутствуют обязательные файлы типов: self, colleagues. Пропускаем.
2026-08-24 12:36:33,174 - INFO - Найдено 1 сотрудников:
2026-08-24 12:36:33,174 - INFO -    - Губенко Даниил
2026-08-24 12:36:33,175 - INFO - Обработка сотрудника: Губенко Даниил
2026-08-24 12:36:33,211 - WARNING - Поведенческие паттерны для блока 'Взаимодействие и коммуникация' не найдены в конфиге
2026-08-24 12:36:33,211 - INFO - Обработан сотрудник Губенко Даниил (ID: 6a6afd7d972e8d808fb159de)
2026-08-24 12:36:33,212 - INFO - JSON сохранён: /workspace/individual_report/output/Губенко Даниил/report_data.json
2026-08-24 12:36:33,305 - INFO - HTML сохранён: /workspace/individual_report/output/Губенко Даниил/report.html
2026-08-24 12:36:33,305 - INFO - Для Губенко Даниил: Soft=22, Hard=2, Кейсов=5
2026-08-24 12:36:33,305 - INFO - 
🎉 Обработка завершена. Успешно: 1 из 1.
2026-08-24 12:41:45,503 - WARNING - В конфиге отсутствуют поведенческие паттерны для блока 'Взаимодействие и коммуникация'
2026-08-24 12:41:45,504 - INFO - Конфигурация успешно прошла валидацию
2026-08-24 12:41:45,526 - INFO - Загружено 15 AI-оценок из файла eval_self_20260728_194651.xlsx
2026-08-24 12:41:45,596 - ERROR - Для сотрудника 'Данюк Анастасия Сергеевна' отсутствуют обязательные файлы типов: self, manager. Пропускаем.
2026-08-24 12:41:45,637 - WARNING - Для сотрудника 'Губенко Даниил' найдено несколько файлов типа 'self'. Используется: самооценка (2).xlsx
2026-08-24 12:41:45,649 - ERROR - Для сотрудника 'Шабакин Евгений Александрович' отсутствуют обязательные файлы типов: self, colleagues. Пропускаем.
2026-08-24 12:41:45,649 - INFO - Найдено 1 сотрудников:
2026-08-24 12:41:45,650 - INFO -    - Губенко Даниил
2026-08-24 12:41:45,650 - INFO - Обработка сотрудника: Губенко Даниил
2026-08-24 12:41:45,686 - WARNING - Поведенческие паттерны для блока 'Взаимодействие и коммуникация' не найдены в конфиге
2026-08-24 12:41:45,686 - INFO - Обработан сотрудник Губенко Даниил (ID: 6a6afd7d972e8d808fb159de)
2026-08-24 12:41:45,687 - INFO - JSON сохранён: /workspace/individual_report/output/Губенко Даниил/report_data.json
2026-08-24 12:41:45,767 - INFO - HTML сохранён: /workspace/individual_report/output/Губенко Даниил/report.html
2026-08-24 12:41:45,768 - INFO - Для Губенко Даниил: Soft=22, Hard=2, Кейсов=5
2026-08-24 12:41:45,768 - INFO - 
🎉 Обработка завершена. Успешно: 1 из 1.
2026-08-24 12:49:56,581 - WARNING - В конфиге отсутствуют поведенческие паттерны для блока 'Взаимодействие и коммуникация'
2026-08-24 12:49:56,581 - INFO - Конфигурация успешно прошла валидацию
2026-08-24 12:49:56,605 - INFO - Загружено 15 AI-оценок из файла eval_self_20260728_194651.xlsx
2026-08-24 12:49:56,677 - ERROR - Для сотрудника 'Данюк Анастасия Сергеевна' отсутствуют обязательные файлы типов: self, manager. Пропускаем.
2026-08-24 12:49:56,722 - WARNING - Для сотрудника 'Губенко Даниил' найдено несколько файлов типа 'self'. Используется: самооценка (2).xlsx
2026-08-24 12:49:56,733 - ERROR - Для сотрудника 'Шабакин Евгений Александрович' отсутствуют обязательные файлы типов: self, colleagues. Пропускаем.
2026-08-24 12:49:56,733 - INFO - Найдено 1 сотрудников:
2026-08-24 12:49:56,733 - INFO -    - Губенко Даниил
2026-08-24 12:49:56,733 - INFO - Обработка сотрудника: Губенко Даниил
2026-08-24 12:49:56,773 - WARNING - Поведенческие паттерны для блока 'Взаимодействие и коммуникация' не найдены в конфиге
2026-08-24 12:49:56,773 - INFO - Обработан сотрудник Губенко Даниил (ID: 6a6afd7d972e8d808fb159de)
2026-08-24 12:49:56,774 - INFO - JSON сохранён: /workspace/individual_report/output/Губенко Даниил/report_data.json
2026-08-24 12:49:56,851 - INFO - HTML сохранён: /workspace/individual_report/output/Губенко Даниил/report.html
2026-08-24 12:49:56,851 - INFO - Для Губенко Даниил: Soft=22, Hard=2, Кейсов=5
2026-08-24 12:49:56,851 - INFO - 
🎉 Обработка завершена. Успешно: 1 из 1.
2026-08-24 12:55:10,558 - WARNING - В конфиге отсутствуют поведенческие паттерны для блока 'Взаимодействие и коммуникация'
2026-08-24 12:55:10,558 - INFO - Конфигурация успешно прошла валидацию
2026-08-24 12:55:10,584 - INFO - Загружено 15 AI-оценок из файла eval_self_20260728_194651.xlsx
2026-08-24 12:55:10,661 - ERROR - Для сотрудника 'Данюк Анастасия Сергеевна' отсутствуют обязательные файлы типов: self, manager. Пропускаем.
2026-08-24 12:55:10,708 - WARNING - Для сотрудника 'Губенко Даниил' найдено несколько файлов типа 'self'. Используется: самооценка (2).xlsx
2026-08-24 12:55:10,718 - ERROR - Для сотрудника 'Шабакин Евгений Александрович' отсутствуют обязательные файлы типов: self, colleagues. Пропускаем.
2026-08-24 12:55:10,718 - INFO - Найдено 1 сотрудников:
2026-08-24 12:55:10,718 - INFO -    - Губенко Даниил
2026-08-24 12:55:10,718 - INFO - Обработка сотрудника: Губенко Даниил
2026-08-24 12:55:10,756 - WARNING - Поведенческие паттерны для блока 'Взаимодействие и коммуникация' не найдены в конфиге
2026-08-24 12:55:10,757 - INFO - Обработан сотрудник Губенко Даниил (ID: 6a6afd7d972e8d808fb159de)
2026-08-24 12:55:10,758 - INFO - JSON сохранён: /workspace/individual_report/output/Губенко Даниил/report_data.json
2026-08-24 12:55:10,847 - INFO - HTML сохранён: /workspace/individual_report/output/Губенко Даниил/report.html
2026-08-24 12:55:10,847 - INFO - Для Губенко Даниил: Soft=22, Hard=2, Кейсов=5
2026-08-24 12:55:10,847 - INFO - 
🎉 Обработка завершена. Успешно: 1 из 1.
2026-08-24 13:22:12,697 - WARNING - В конфиге отсутствуют поведенческие паттерны для блока 'Взаимодействие и коммуникация'
2026-08-24 13:22:12,697 - INFO - Конфигурация успешно прошла валидацию
2026-08-24 13:22:12,727 - INFO - Загружено 15 AI-оценок из файла eval_self_20260728_194651.xlsx
2026-08-24 13:22:12,832 - WARNING - Для сотрудника 'Губенко Даниил' найдено несколько файлов типа 'self'. Используется: самооценка (1).xlsx
2026-08-24 13:22:12,843 - ERROR - Для сотрудника 'Шабакин Евгений Александрович' отсутствуют обязательные файлы типов: self, colleagues. Пропускаем.
2026-08-24 13:22:12,854 - ERROR - Для сотрудника 'Данюк Анастасия Сергеевна' отсутствуют обязательные файлы типов: self, manager. Пропускаем.
2026-08-24 13:22:12,854 - INFO - Найдено 1 сотрудников:
2026-08-24 13:22:12,854 - INFO -    - Губенко Даниил
2026-08-24 13:22:12,854 - INFO - Обработка сотрудника: Губенко Даниил
2026-08-24 13:22:12,897 - WARNING - Поведенческие паттерны для блока 'Взаимодействие и коммуникация' не найдены в конфиге
2026-08-24 13:22:12,897 - INFO - Обработан сотрудник Губенко Даниил (ID: 6a6a0ce2972e8d808fb15929)
2026-08-24 13:22:12,898 - INFO - JSON сохранён: /workspace/individual_report/output/Губенко Даниил/report_data.json
2026-08-24 13:22:12,998 - INFO - HTML сохранён: /workspace/individual_report/output/Губенко Даниил/report.html
2026-08-24 13:22:12,998 - INFO - Для Губенко Даниил: Soft=22, Hard=2, Кейсов=5
2026-08-24 13:22:12,999 - INFO - 
🎉 Обработка завершена. Успешно: 1 из 1.
2026-08-25 07:32:46,324 - WARNING - В конфиге отсутствуют поведенческие паттерны для блока 'Взаимодействие и коммуникация'
2026-08-25 07:32:46,325 - INFO - Конфигурация успешно прошла валидацию
2026-08-25 07:32:46,357 - INFO - Загружено 15 AI-оценок из файла eval_self_20260728_194651.xlsx
2026-08-25 07:32:46,457 - WARNING - Для сотрудника 'Губенко Даниил' найдено несколько файлов типа 'self'. Используется: самооценка (2).xlsx
2026-08-25 07:32:46,490 - ERROR - Для сотрудника 'Шабакин Евгений Александрович' отсутствуют обязательные файлы типов: self, colleagues. Пропускаем.
2026-08-25 07:32:46,501 - ERROR - Для сотрудника 'Данюк Анастасия Сергеевна' отсутствуют обязательные файлы типов: self, manager. Пропускаем.
2026-08-25 07:32:46,501 - INFO - Найдено 1 сотрудников:
2026-08-25 07:32:46,501 - INFO -    - Губенко Даниил
2026-08-25 07:32:46,501 - INFO - Обработка сотрудника: Губенко Даниил
2026-08-25 07:32:46,542 - WARNING - Поведенческие паттерны для блока 'Взаимодействие и коммуникация' не найдены в конфиге
2026-08-25 07:32:46,543 - INFO - Обработан сотрудник Губенко Даниил (ID: 6a6afd7d972e8d808fb159de)
2026-08-25 07:32:46,544 - INFO - JSON сохранён: /workspace/individual_report/output/Губенко Даниил/report_data.json
2026-08-25 07:32:46,645 - INFO - HTML сохранён: /workspace/individual_report/output/Губенко Даниил/report.html
2026-08-25 07:32:46,645 - INFO - Для Губенко Даниил: Soft=22, Hard=2, Кейсов=5
2026-08-25 07:32:46,645 - INFO - 
🎉 Обработка завершена. Успешно: 1 из 1.
